// Jest Snapshot v1, https://goo.gl/fbAQLP

exports[`<UserReportFeed /> component renders 1`] = `null`;
