// Jest Snapshot v1, https://goo.gl/fbAQLP

exports[`Insights page testing 1`] = `
<div>
  Insights
</div>
`;
