// Jest Snapshot v1, https://goo.gl/fbAQLP

exports[`<Dashboard /> component renders 1`] = `
<div>
  <div
    class="Dashboard-loader-2"
  >
    <div
      class="bouncing-loader"
    >
      <div />
      <div />
      <div />
    </div>
  </div>
</div>
`;
