// Jest Snapshot v1, https://goo.gl/fbAQLP

exports[`About page testing 1`] = `
<div>
  About
</div>
`;
